<?php

class TypeHinterTestClass
{
    public function _handleActions() : bool
    {

    }

    public function _handleActions() : bool
    {}

    public function _handleActions(?array $param=null) : bool
    {

    }

    public function _handleActions() : bool
    {

    }

    public function _handleActions() : bool
    {
        foreach($variable as $var)
        {
             $doSomething = '';
        }
    }

    public function _handleActions() : bool
    {
        foreach($variable as $var)
        {
             $doSomething = '';
        }
    }

    public function getDefaultAction() : string
    {
        return '';
    }
}
